exports[`NotFound matches snapshot 1`] = `
<h1>
  404 Not Found
</h1>
`;
